<!DOCTYPE html PUBLIC "-//W3C//DTD XHTML 1.0 Strict//EN" "http://www.w3.org/TR/xhtml1/DTD/xhtml1-strict.dtd"><html xmlns="http://www.w3.org/1999/xhtml" style="color: red;"><head style="color: red;"><meta content="text/html;charset=utf-8" http-equiv="Content-Type" style="color: red;"><meta content="width=device-width" name="viewport" style="color: red;"></head><h1 style="color: red;">Html</h1><p style="color: red;">This is the html of the email.</p></html>
